---
source: crates/rho-tui/tests/snapshots.rs
expression: rendered
---






              ┌ Enter name ────────────────────────────┐
              │                                        │
              │> e.g. feature-x                        │
              │                                        │
              │Enter submits · Escape cancels          │
              └────────────────────────────────────────┘
