---
source: crates/rho-tui/tests/snapshots.rs
expression: rendered
---





                  ┌ Theme ──────────────────────────┐
                  │  rho                            │
                  │› tau-dark ✓                     │
                  │  tau-light                      │
                  │  high-contrast                  │
                  │                                 │
                  │Enter selects · Escape closes    │
                  └─────────────────────────────────┘
